<testsuites name="jest tests" tests="4" failures="0" time="3.718">
  <testsuite name="Server-client integration tests" errors="0" failures="0" skipped="0" timestamp="2018-11-12T06:33:01" time="3.477" tests="4">
    <testcase classname="Server-client integration tests broadcastRoomList sends a list of all rooms to all clients" name="Server-client integration tests broadcastRoomList sends a list of all rooms to all clients" time="0.068">
    </testcase>
    <testcase classname="Simple use flow tests with single client register user -&gt; session -&gt; restore user works" name="Simple use flow tests with single client register user -&gt; session -&gt; restore user works" time="0.017">
    </testcase>
    <testcase classname="Simple use flow tests with single client register user -&gt; create &amp; enter room -&gt; leave room works" name="Simple use flow tests with single client register user -&gt; create &amp; enter room -&gt; leave room works" time="0.007">
    </testcase>
    <testcase classname="Simple use flow tests with single client register user -&gt; create &amp; enter room -&gt; roll a die -&gt; leave room works" name="Simple use flow tests with single client register user -&gt; create &amp; enter room -&gt; roll a die -&gt; leave room works" time="0.017">
    </testcase>
  </testsuite>
</testsuites>